date;delbydel_id;delbydel_navn;bydel_id;bydel_navn;population
2008;102;Grønland;1;Bydel Gamle Oslo;60
2008;103;Enerhaugen;1;Bydel Gamle Oslo;60
2009;102;Grønland;1;Bydel Gamle Oslo;60
2009;103;Enerhaugen;1;Bydel Gamle Oslo;60